ORACLE_REGRESSION_GO=${ORACLE_REGRESSION_GO:-/usr/local/go/bin/go} \
DP_ORACLE_BIN=${DP_ORACLE_BIN:-/home/zach/darkpawns-c-oracle/bin/circle} \
ORACLE_REGRESSION_TIMEOUT=${ORACLE_REGRESSION_TIMEOUT:-240s} \
ORACLE_REGRESSION_SEED=${ORACLE_REGRESSION_SEED:-1} \
ORACLE_REGRESSION_JOBS=${ORACLE_REGRESSION_JOBS:-4} \
	scripts/oracle_regression.sh
oracle-regression: 940 scenarios, seed=1, timeout=240s, jobs=4
RETRY abilities-active-stats once (infrastructure-shaped failure)
PASS abilities-depth
UNPINNABLE accuse-noarg-depth (ledger-backed divergence; shape unpinnable — run-varying bytes; requires human clearance)
PASS abilities-active-stats (after infra retry)
PASS accuse-sleeping-depth
PASS act-informative-sweep
PASS act-obj-sweep
PASS act-messages
PASS admobs-depth
EXPECTED accuse-depth (ledger-backed divergence, pinned shape)
PASS afk-depth
PASS advance-depth
PASS agree-depth
PASS agree-sleeping-depth
PASS alias-depth
PASS aid-depth
PASS ambush-depth
PASS ambush-entry-gates
PASS aid-failure-depth
PASS ambush-lost-prey
PASS apologize-sleeping-depth
PASS anguish-depth
PASS apologize-depth
PASS appraise-cost
PASS applaud-depth
PASS appraise-depth
PASS appraise-equipment
PASS appraise-failure
PASS applaud-sleeping-depth
PASS at-depth
PASS auction-group-clan
PASS backstab-depth
PASS ban-depth
PASS bash-depth
PASS bash-peaceful-depth
PASS backstab-aware-trio
PASS bah-depth
PASS bash-failure-depth
PASS bearhug-depth
PASS bearhug-failure-depth
PASS bearhug-mounted-depth
PASS bearhug-outcome-depth
PASS beckon-sleeping-depth
PASS beckon-depth
PASS beg-depth
PASS beg-sleeping-depth
PASS behead-object-depth
PASS berserk-depth
PASS bellow-sleeping-depth
PASS berserk-failure-depth
PASS bellow-depth
PASS bird-depth
PASS bird-sleeping-depth
PASS bitch-sleeping-depth
PASS bitch-depth
PASS bite-groinrip-peaceful
PASS bite-depth
PASS blame-sleeping-depth
PASS blame-depth
PASS bleed-depth
PASS bleed-sleeping-depth
PASS bless-sleeping-depth
PASS bless-depth
PASS blink-depth
PASS blush-depth
PASS boards-depth
PASS boggle-sleeping-depth
PASS boggle-depth
PASS boink-depth
PASS boink-sleeping-depth
PASS bonk-sleeping-depth
PASS bonk-depth
PASS bounce-depth
PASS bounce-sleeping-depth
PASS bow-sleeping-depth
PASS bow-depth
PASS brb-depth
PASS burp-depth
PASS cast-gating
PASS cackle-depth
PASS cast-depth
PASS cast-mob-innate
PASS carve-depth
PASS character-creation-name-retry
PASS character-creation
PASS channels-depth
PASS character-view
PASS charge-failure-depth
PASS charge-depth
PASS checkload-depth
PASS cheer-sleeping-depth
PASS cheer-depth
PASS chide-depth
PASS circle-behead
PASS chuckle-depth
PASS circle-aware-depth
PASS circle-depth
PASS clan-applicant-depth
PASS clan-plan-depth
PASS clan-plan-mortal-depth
PASS clan-rename-depth
PASS clear-depth
PASS clan-depth
PASS clan-member-depth
PASS clap-depth
PASS combat-backstab-opener
PASS color-depth
PASS combat-bash-opener
PASS combat-death
PASS comb-depth
PASS combat-entry-assist
PASS combat-entry-instakill
PASS combat-entry-mounted-rescue
PASS combat-entry-charm-relations
PASS combat-entry-gates
PASS combat-entry-mounted
PASS combat-entry-newbie-gate
PASS combat-entry-peaceful-wait
PASS combat-entry-rescue-fighting
PASS combat-entry-shopkeeper
PASS combat-entry-rescue-gates
PASS combat-hit-sleeping
PASS combat-headbutt-opener
PASS combat-entry-rescue-peaceful
PASS combat-hit-weapon
PASS combat-skill-noskill2
PASS combat-skill-noskill
RETRY combat-transform-reject once (infrastructure-shaped failure)
PASS combat-swing
PASS combat-transform-reject (after infra retry)
PASS combat-kick-opener
PASS combat-utility-notarget
PASS combat-trip-opener
PASS combat-unlearned-bash-opener
PASS comm-echo-immort
PASS comfort-depth
PASS comm-drunk
PASS comm-depth
PASS comm-tell-nodesc
PASS comm-notell
PASS comm-noshout
PASS comm-soundproof
PASS commands-targeting
PASS command-abbreviations
PASS command-surface-punctuation
PASS commands-depth
PASS communication-channels
PASS compare
PASS consider-fillword
PASS communication
PASS consider-depth
PASS consumables
PASS credits-depth
PASS cough-depth
PASS cringe-depth
PASS cry-depth
PASS cuddle-noshout
PASS ctell-depth
PASS cuddle-depth
PASS curse-depth
PASS curse-noshout
PASS curtsey-noshout
PASS curtsey-depth
PASS cutthroat-depth
PASS cutthroat-mounted
PASS cutthroat-peaceful
PASS cutthroat-failure
PASS cutthroat-low-level
PASS dance-noshout
PASS date-depth
PASS dark-depth
PASS dance-depth
PASS daydream-depth
PASS diagnose-depth
PASS dc-depth
PASS dig-current-zone-depth
PASS dig-permission-depth
PASS dig-depth
PASS diagnose-player-depth
PASS disembowel-cutthroat
PASS disarm-no-weapon-depth
PASS disembowel-depth
PASS disarm-depth
PASS disarm-failure-depth
PASS display-cluster
PASS dismount-depth
PASS dns-depth
PASS donate-gold
PASS donate-basic
PASS doh-depth
PASS door-fillword
PASS door-basic
PASS donate-routing
PASS door-lock-pick-depth
PASS dream-depth
PASS dragon-depth
PASS dragon-success-depth
PASS drink-eat-lookup
PASS drink-basic
PASS drool-noshout
PASS drop-fillword
PASS drop-gold
PASS drop-basic
PASS drool-depth
PASS eat-basic
PASS embrace-noshout
PASS enter-empty-depth
PASS enter-auto-depth
PASS embrace-depth
PASS equipment-fillword
PASS enter-depth
PASS equipment-takename
PASS escape-depth
PASS equipment
PASS equipment-glance-depth
PASS escape-cornered
PASS escape-failure
PASS escape-ninja-no-fight
PASS escape-no-fight
PASS escape-no-skill
PASS escape-movement-failure
PASS examine-basic
PASS exits-dark
PASS exits-depth
PASS exits-filtering
PASS escape-success
PASS exits-immortal
PASS exits-no-open
PASS faint-depth
PASS fade-depth
PASS fart-depth
PASS farewell-depth
PASS find-all-dots-empty
PASS fill-depth
PASS finger-offline-depth
PASS finger-depth
PASS flee-death-exit
PASS flee-audience-success
PASS flee-no-exits
PASS flee-out-of-combat
PASS flee-combat-forced
PASS flee-position-gate
PASS flee-move-failure
PASS flesh-alter-failure
PASS flesh-alter-gates
PASS flesh-alter-depth
PASS flex-depth
PASS flip-depth
PASS flirt-depth
PASS fondle-depth
PASS force-gates
PASS follow-depth
PASS force-depth
EXPECTED force-mob (ledger-backed divergence, pinned shape)
PASS force-low-god
PASS force-room-all
PASS freeze-depth
PASS french-depth
PASS frown-depth
PASS french-sleeping-depth
PASS future-depth
PASS fume-depth
PASS fume-sleeping-depth
PASS fwap-depth
PASS fwap-sleeping-depth
PASS gag-depth
PASS gasp-depth
PASS gag-sleeping-depth
PASS gecho-depth
PASS gen-write-depth
PASS gecho-norepeat-depth
PASS get-fillword
PASS gen-tog-depth
PASS get-container
PASS get-matcher-abbrev
PASS get-mounted-block
PASS get-sweep-none
PASS get-room
PASS giggle-depth
PASS give-fillword
PASS give-gold
PASS give-basic
PASS glare-depth
PASS god-batch2
PASS glare-sleeping-depth
PASS god-503-sweep
PASS god-batch4
PASS god-system-residuals
PASS god-harness-smoke
PASS god-toggles
PASS god-batch3
PASS godset-vehicle
PASS goto-godroom-depth
PASS goose-depth
PASS goto-private-depth
PASS grab-depth
PASS goto-depth
PASS grimace-depth
PASS greet-depth
PASS groan-depth
PASS grin-depth
PASS groinrip-depth
PASS groinrip-immortal-depth
PASS groinrip-fighting-fallback-depth
PASS groinrip-mounted-depth
PASS groinrip-no-skill-depth
PASS groinrip-nonmale-depth
PASS groinrip-shopkeeper-depth
PASS groinrip-outcome-depth
PASS group-clan-channels
PASS groinrip-sleeping-depth
PASS group-mob-depth
PASS group-gates-depth
PASS grope-depth
PASS group-room-depth
PASS group-depth
PASS growl-depth
PASS grumble-depth
PASS guild-practice
PASS grovel-depth
PASS handbook-depth
PASS handbook-immortal-depth
PASS hcontrol-depth
PASS headbutt-depth
PASS gsay-depth
PASS headbutt-immortal-depth
PASS headbutt-mounted-depth
PASS headbutt-peaceful-depth
PASS headbutt-self-depth
PASS heh-depth
PASS help-depth
PASS help-immortal-depth
PASS help-system
PASS hide-depth
PASS hide-desert-gate-depth
PASS hide-entry-gates-depth
PASS hiccup-depth
PASS hide-exposed-gate-depth
PASS hide-mounted-depth
PASS hide-water-gate-depth
PASS hit-depth
PASS hit-trailing-depth
PASS highfive-sleeping-depth
PASS hold-depth
PASS home-default-depth
PASS highfive-depth
PASS home-depth
PASS home-audience-depth
PASS home-entry-gate-depth
PASS house-entry-gates-depth
PASS house-depth
PASS howl-depth
PASS hop-depth
PASS hug-depth
PASS hum-depth
PASS hug-sleeping-depth
PASS hunger-thirst
PASS hump-depth
PASS hump-sleeping-depth
PASS idlist-depth
PASS idlist-gate-depth
PASS immlist-depth
PASS hush-depth
PASS hush-sleeping-depth
PASS imotd-depth
PASS imotd-gate-depth
PASS inactive-depth
PASS info-basic
PASS info-pulse-variants
PASS info-depth
PASS info-where-immort
PASS infobar-depth
PASS info-who-pair
PASS infobar-mortal-depth
PASS informative-residual-depth
PASS insult-male-depth
PASS insult-depth
PASS insult-sex-depth
PASS insult-sex-female-depth
PASS inventory-basic
PASS invis-entry-gate-depth
PASS inv-equip
PASS invis-depth
PASS invis-threshold-depth
PASS jeer-depth
PASS invisibility-assist-depth
PASS jeer-sleeping-depth
PASS jin-depth
PASS jin-failure-depth
PASS junk-fillword
PASS junk-basic
PASS kai-depth
PASS kai-failure-depth
PASS kiss-depth
PASS kyo-depth
PASS kyo-failure-depth
PASS lambada-depth
PASS last-depth
PASS leave-no-exit-depth
PASS laugh-depth
PASS leave-outside-depth
PASS leave-position-depth
PASS levels-arguments-depth
PASS leer-sleeping-depth
PASS leer-depth
PASS levels-depth
PASS leave-success-depth
PASS levels-npc-depth
PASS lines-depth
PASS lines-infobar-depth
PASS lick-sleeping-depth
PASS lick-depth
PASS load-depth-gates
PASS look-basic
PASS listen-depth
PASS look-container
PASS look-start-room
PASS map-all-depth
PASS love-sleeping-depth
PASS load-depth
PASS map-gate
PASS map-depth
PASS love-depth
PASS map-overlap-depth
PASS map-underlap-depth
PASS map-unknown-depth
PASS mindlink-entry-depth
EXPECTED medit-entry-depth (ledger-backed divergence, pinned shape)
EXPECTED medit-session-depth (ledger-backed divergence, pinned shape)
PASS mindlink-low-mana-depth
PASS mlist-depth
PASS massage-depth
PASS mlist-noarg-depth
PASS mindlink-player-depth
PASS mlist-nonnumeric-depth
PASS moan-noshout
PASS mob-spawn-2109
PASS moan-depth
PASS mold-depth
PASS mortal-batch10
PASS mortal-batch11
PASS mortal-503-sweep
PASS mortal-batch12
PASS mortal-batch13
PASS mortal-batch14
PASS mortal-batch17
PASS mortal-batch16
PASS mortal-batch15
PASS mortal-batch21
PASS mortal-batch3
PASS mortal-batch19
PASS mortal-batch20
PASS mortal-batch4
PASS mortal-batch5
PASS mortal-batch6
PASS mortal-batch7
PASS mortal-batch8
PASS mortal-batch9
PASS mortal-obj-batch
PASS mortal-prefs-batch
PASS motd-depth
PASS mount-indoors-depth
PASS mosh-audience-depth
PASS mount-depth
PASS mosh-depth
PASS movement-closed-keyword
PASS movement-closed-secret
PASS movement-closed-unnamed
PASS mount-ridden-depth
PASS movement-directions
PASS movement-tunnel
PASS movement-vertical
PASS movement-followers
PASS movement-mounted
PASS movement-water-boat
PASS muhaha-depth
PASS movement
PASS mute-low-depth
PASS mute-depth
PASS mumble-depth
PASS neckbreak-failure-depth
PASS neckbreak-low-move-depth
PASS neckbreak-depth
PASS neckbreak-mounted-depth
PASS neckbreak-shopkeeper-depth
PASS newbie-start-room
PASS neckbreak-success-depth
PASS neckbreak-wielded-depth
PASS news-depth
PASS newbie-channel-depth
PASS nibble-sleeping-depth
PASS nibble-depth
PASS nod-depth
PASS nod-sleeping-depth
PASS not-here-depth
PASS notitle-depth
PASS noogie-depth
PASS obj-util-skills
PASS nuzzle-depth
PASS nudge-depth
PASS object-give-nobody
PASS object-give-mob
PASS object-doors
PASS object-door-messages
PASS object-starting-gear
PASS object-inventory
PASS observation-roomflags
PASS order-leave
PASS observation
PASS order-charmed-depth
PASS order-depth
PASS orgasm-depth
PASS pace-depth
PASS pager-navigation
PASS pardon-gates-depth
PASS page-depth
PASS parry-entry-depth
PASS pant-depth
PASS pardon-depth
PASS parry-gates-depth
PASS parry-failure-depth
PASS parry-depth
PASS peek-gates-depth
PASS peek-failure-depth
PASS peek-depth
PASS pat-depth
PASS peek-higher-immortal-depth
PASS peek-kender-depth
PASS peek-success-depth
PASS peer-depth
PASS pinch-depth
PASS players-depth
PASS piss-depth
PASS player-state-toggles
PASS plot-depth
PASS policy-depth
PASS poke-depth
PASS point-depth
PASS poofout-depth
PASS ponder-depth
PASS poofin-depth
PASS position-basic
PASS position-gates
PASS position-fighting
PASS pose-depth
PASS position-mounted-gates
PASS pour-basic
PASS pour-multi
PASS position-room
PASS position-wake-target
PASS pour-out-refind
PASS prompt-depth
PASS pout-depth
PASS puke-depth
PASS punch-depth
PASS purge-low-level-depth
PASS purge-depth
PASS purge-npc-depth
PASS purge-object-depth
PASS purge-player-depth
PASS purge-protected-player-depth
PASS put-fillword
PASS purr-depth
PASS put-all-success
PASS quaff-bless
PASS put-basic
PASS quaff-blindness
PASS quaff-chameleon
PASS quaff-change-density
PASS quaff-detect-magic
PASS quaff-effect
PASS qecho-depth
PASS qsay-depth
PASS quaff-hold-priority
PASS quaff-invulnerability
PASS quaff-lookup
PASS quaff-fly
PASS quaff-peaceful-block
PASS quaff-poison-save
PASS qui-depth
PASS quaff-prot-good
PASS quaff-prot-evil
PASS quaff-sanctuary
PASS quit-refuse
PASS quit-unsafe-depth
PASS qui-immortal-depth
PASS quit-safe-depth
PASS reallyquit-unsafe
PASS raise-depth
PASS recite-armor-reapply
PASS reallyquit-depth
PASS recite-curse
PASS recall-depth
PASS recite-damage-spell
PASS recite-armor-target
PASS recite-effect
PASS recite-lookup
PASS recite-wrong-type
PASS recite-infravision-target
PASS recite-infravision
EXPECTED redit-entry-depth (ledger-backed divergence, pinned shape)
EXPECTED redit-session-depth (ledger-backed divergence, pinned shape)
PASS reload-depth
PASS remove-basic
PASS reply-noarg
PASS reel-depth
PASS ren-depth
PASS report-depth
PASS rescue-roll
PASS reroll-depth
PASS retsu-peaceful-depth
PASS restore-depth
PASS retsu-depth
PASS return-depth
PASS retsu-failure-depth
PASS review-depth
PASS rlist-depth
PASS rin-depth
PASS roar-depth
PASS rofl-depth
PASS rofl-sleeping-depth
PASS roll-depth
PASS room-desc-exits
PASS rsay-immortal-depth
PASS rsay-noshout
PASS rsay-sleeping-depth
PASS rsay-depth
PASS ruffle-sleeping-depth
PASS ruffle-depth
PASS salute-sleeping-depth
PASS save-depth
PASS salute-depth
PASS score-state-depth
PASS score-state-variants
PASS scout-depth
PASS scoff-depth
PASS scout-gates-depth
PASS scout-no-skill-depth
PASS scout-success-depth
PASS scratch-depth
RETRY scrounge-failure-depth once (infrastructure-shaped failure)
PASS scream-depth
PASS scrounge-default-depth
PASS scrounge-desert-depth
PASS scrounge-field-depth
PASS scrounge-forest-depth
PASS scrounge-failure-depth (after infra retry)
PASS scrounge-hills-depth
PASS scrounge-mountain-depth
PASS scrounge-mounted-depth
PASS scrounge-no-skill-depth
PASS scrounge-water-depth
PASS search-case-depth
PASS search-depth
PASS search-failure-depth
PASS search-gates-depth
PASS security-gates
PASS search-secret-depth
EXPECTED sedit-entry-depth (ledger-backed divergence, pinned shape)
EXPECTED sedit-session-depth (ledger-backed divergence, pinned shape)
PASS send-gate-depth
PASS send-mob-depth
PASS send-depth
PASS send-global-depth
PASS serpent-gate-depth
PASS set-depth
PASS set-exceptions-depth
PASS set-direct-flags-depth
PASS serpent-depth
PASS set-gate-depth
PASS sha-depth
PASS sethunt-depth
PASS sha-failure-depth
PASS set-extended-depth
PASS shadow-depth
PASS shadow-failure-depth
PASS shake-depth
PASS shame-sleeping-depth
PASS shame-depth
PASS sharpen-depth
PASS sharpen-failure-depth
PASS shiver-depth
PASS shishkabob-depth
PASS sharpen-fighting-depth
PASS shishkabob-sleeping-depth
PASS shoot-closed-exit-depth
PASS shoot-item-gates-depth
PASS shoot-no-bow-depth
PASS shoot-no-target-depth
PASS shoot-entry-depth
PASS shoot-peaceful-depth
PASS shoot-sentinel-depth
PASS shoot-unlearned-depth
PASS shop-do-not-here
PASS shop-live-inventory-control
PASS shop-live-inventory-filters
EXPECTED shoot-target-depth (ledger-backed divergence, pinned shape)
PASS shop-live-inventory-gate
PASS shop-stack-list-live
PASS shutdown-depth
PASS show-depth
PASS shrug-depth
PASS shudder-depth
PASS skills-practice
PASS sigh-depth
PASS sing-depth
PASS skillset-depth
PASS slap-sleeping-depth
PASS slap-depth
PASS sleeper-failure-depth
PASS sleeper-mounted-peaceful-depth
PASS sleeper-depth
PASS sleep-spell-depth
PASS sleeper-shopkeeper-depth
PASS sleeper-wielded-depth
PASS slug-mounted-depth
PASS slug-depth
PASS sleeper-outcome-depth
PASS smackheads-gates-depth
PASS smackheads-mounted-depth
PASS smackheads-no-skill-depth
PASS slug-outcome-depth
PASS smackheads-peaceful-depth
PASS smackheads-wielded-depth
PASS smackheads-outcome-depth
PASS smirk-depth
PASS snap-depth
PASS smell-depth
PASS sneak-mounted-depth
PASS smile-depth
PASS snarl-depth
PASS sneer-depth
PASS sneeze-depth
PASS snicker-depth
PASS sniff-depth
PASS snore-depth
PASS snowball-depth
PASS social-fillword
PASS snoop-depth
PASS snuggle-depth
PASS socials-depth
PASS spackle-depth
PASS spank-depth
PASS socials-command-depth
PASS spec-proc-assassin-gold
PASS spank-sleeping-depth
PASS spec-proc-assassin-player
PASS spec-proc-assassin-success
PASS spec-proc-backstabber
PASS spec-proc-assassin-victim
PASS spec-proc-assassin
PASS spec-proc-bank-kir-oshi
PASS spec-proc-brain-eater
PASS spec-proc-bank
PASS spec-proc-carrion-success
PASS spec-proc-butler
PASS spec-proc-castle-guard-down
PASS spec-proc-carrion
PASS spec-proc-castle-guard-north
PASS spec-proc-castle-guard-up
PASS spec-proc-cityguard-breed
PASS spec-proc-chosen-guard
PASS spec-proc-cleric
PASS spec-proc-citizen
PASS spec-proc-cityguard
PASS spec-proc-conjured-charmed
PASS spec-proc-clerk
PASS spec-proc-conjured-fizzle
PASS spec-proc-conjured-disappear
PASS spec-proc-con-seller
PASS spec-proc-cuchi
PASS spec-proc-dragon-breath
PASS spec-proc-dracula
PASS spec-proc-elements-galeru-alive
PASS spec-proc-dragon-breath-combat
PASS spec-proc-elements-galeru-alive-dead
PASS spec-proc-elements-load-cylinders
PASS spec-proc-elements-galeru-column
PASS spec-proc-elements-master-column-all
PASS spec-proc-elements-guardian
PASS spec-proc-elements-master-column-none
PASS spec-proc-elements-master-column-stale-state
PASS spec-proc-elements-minion
PASS spec-proc-eq-thief
PASS spec-proc-elements-platforms
PASS spec-proc-fighter
PASS spec-proc-fido
PASS spec-proc-fly-exit-up-block
PASS spec-proc-fly-exit-up-high
PASS spec-proc-identifier-price
PASS spec-proc-guild-guard
PASS spec-proc-jail
PASS spec-proc-identifier
PASS spec-proc-identifier-success
PASS spec-proc-key-seller-non-owner
PASS spec-proc-horn
PASS spec-proc-key-seller
PASS spec-proc-jailguard
RETRY spec-proc-medusa once (infrastructure-shaped failure)
PASS spec-proc-janitor
PASS spec-proc-magic-user
PASS spec-proc-movement
PASS spec-proc-medusa (after infra retry)
PASS spec-proc-newbie-zone-entrance-immortal
PASS spec-proc-mindflayer
PASS spec-proc-mortician
PASS spec-proc-newbie-zone-entrance-low
PASS spec-proc-newbie-zone-entrance
PASS spec-proc-no-get-bare
PASS spec-proc-no-get-palm
PASS spec-proc-no-get-take
PASS spec-proc-no-get-two-args
PASS spec-proc-no-get
PASS spec-proc-no-move-south
PASS spec-proc-normal-checker
PASS spec-proc-oro-quarters-room
PASS spec-proc-paladin
PASS spec-proc-oro-study-room
PASS spec-proc-outofjailguard
PASS spec-proc-portal-to-temple
PASS spec-proc-pray-immortality
PASS spec-proc-pray-for-items
PASS spec-proc-prostitute-hidden
PASS spec-proc-prostitute
PASS spec-proc-quan-lo
PASS spec-proc-puff
PASS spec-proc-remorter-equipment
PASS spec-proc-recruiter
PASS spec-proc-remorter-gold
PASS spec-proc-remorter-low-level
PASS spec-proc-rescuer-7909-no-ally
PASS spec-proc-remorter-gates
PASS spec-proc-remorter-success
PASS spec-proc-rescuer-7909
PASS spec-proc-roach
PASS spec-proc-stableboy-success
PASS spec-proc-start-room
PASS spec-proc-suck-in
PASS spec-proc-tattoo1-owned
PASS spec-proc-tattoo1-price
PASS spec-proc-stableboy
PASS spec-proc-take-to-jail
PASS spec-proc-tattoo2-owned
PASS spec-proc-tattoo2-price
PASS spec-proc-tattoo1-success
PASS spec-proc-tattoo1
PASS spec-proc-tattoo2
PASS spec-proc-tattoo3-owned
PASS spec-proc-tattoo3-price
PASS spec-proc-tattoo2-success
PASS spec-proc-tattoo3
PASS spec-proc-tattoo4-owned
PASS spec-proc-tattoo4-price
PASS spec-proc-tattoo3-success
PASS spec-proc-teleport-victim
PASS spec-proc-tattoo4
PASS spec-proc-teleporter
PASS spec-proc-tattoo4-success
PASS spec-proc-troll-combat
PASS spec-proc-troll
PASS spec-proc-wall-guard-ns
PASS spec-proc-thief
PASS spec-proc-whirlpool
PASS spike-depth
PASS spec-proc-werewolf
PASS spew-depth
PASS split-noarg
PASS spit-depth
PASS staff-use-depth
PASS split-depth
PASS squeeze-depth
PASS static-text
PASS status-cls-donate
PASS stealth-reject
PASS stare-depth
PASS steal-depth
PASS startle-depth
PASS steam-depth
PASS stretch-depth
PASS stimpy-depth
PASS strut-depth
PASS sulk-depth
PASS stroke-depth
PASS sweat-depth
PASS tackle-depth
PASS tango-depth
PASS tap-depth
PASS tell-linkless-depth
PASS taunt-depth
PASS thief-hide
PASS thief-sneak
PASS teleport-depth
PASS thank-depth
PASS think-depth
PASS thpbt-depth
PASS threaten-depth
PASS throttle-depth
PASS thumbsup-depth
PASS thunk-depth
PASS title-depth
PASS toggle-cluster
PASS tickle-depth
PASS transform-depth
PASS tilt-depth
PASS transfer-depth
PASS use-basic
PASS twiddle-depth
PASS tug-depth
PASS ungroup-depth
PASS wand-staff-use-depth
PASS violate-depth
PASS waltz-depth
PASS wave-depth
PASS wee-depth
PASS wear-basic
PASS wedgie-depth
PASS where-immort-zone-arg
PASS weep-depth
PASS whimper-depth
PASS whine-depth
PASS whap-depth
PASS whistle-depth
PASS wimpy-depth
PASS wield-basic
PASS wiggle-depth
PASS wiz-verb-usage
PASS wiz-verb-usage2
PASS wizard-report-depth
PASS wizard-residual-depth
PASS wink-depth
PASS wizard-sysfile-depth
PASS wizard-switch-depth
PASS wizard-syslog-depth
PASS wizard-wizlock-depth
PASS wizard-valid-reports-depth
PASS wizard-wiznet-gates-depth
PASS wizard-wiznet-depth
PASS wizard-zlist-depth
PASS wizard-zreset-depth
PASS wizard-wnewbie-depth
PASS yawn-depth
PASS yodel-depth
PASS worship-depth
PASS yuball-depth
UNPINNABLE accuse-noarg-depth (requires human clearance)
oracle-regression: scenarios=940 passed=930 expected=9 unpinnable=1 stale=0 failed=0 infra=0 timed_out=0 elapsed=7041.784s started=2026-09-11T19:24:49-0400 finished=2026-09-11T21:22:10-0400
make: *** [Makefile:105: oracle-regression] Error 2
